Info: Starting: Create block symbol file (.bsf)
Info: qsys-generate /home/andrea/Documents/Tesi_287628/fpga-master/AvalonMM_hyperRamS27KL0641_interface.qsys --block-symbol-file --output-directory=/home/andrea/Documents/Tesi_287628/fpga-master/AvalonMM_hyperRamS27KL0641_interface --family="Cyclone 10 LP" --part=10CL025YE144C8G
Progress: Loading fpga-master/AvalonMM_hyperRamS27KL0641_interface.qsys
Progress: Reading input file
Progress: Adding clk_0 [clock_source 22.1]
Progress: Parameterizing module clk_0
Progress: Building connections
Progress: Parameterizing connections
Progress: Validating
Progress: Done reading input file
Info: qsys-generate succeeded.
Info: Finished: Create block symbol file (.bsf)
Info: 
Info: Starting: Create HDL design files for synthesis
Info: qsys-generate /home/andrea/Documents/Tesi_287628/fpga-master/AvalonMM_hyperRamS27KL0641_interface.qsys --synthesis=VHDL --output-directory=/home/andrea/Documents/Tesi_287628/fpga-master/AvalonMM_hyperRamS27KL0641_interface/synthesis --family="Cyclone 10 LP" --part=10CL025YE144C8G
Progress: Loading fpga-master/AvalonMM_hyperRamS27KL0641_interface.qsys
Progress: Reading input file
Progress: Adding clk_0 [clock_source 22.1]
Progress: Parameterizing module clk_0
Progress: Building connections
Progress: Parameterizing connections
Progress: Validating
Progress: Done reading input file
Info: AvalonMM_hyperRamS27KL0641_interface: Generating AvalonMM_hyperRamS27KL0641_interface "AvalonMM_hyperRamS27KL0641_interface" for QUARTUS_SYNTH
Info: AvalonMM_hyperRamS27KL0641_interface: Done "AvalonMM_hyperRamS27KL0641_interface" with 1 modules, 1 files
Info: qsys-generate succeeded.
Info: Finished: Create HDL design files for synthesis
