------------------------------------------------------------
Timing Analyzer Summary
------------------------------------------------------------

Type  : Slow 1200mV 85C Model Setup 'myAltPll_inst|altpll_component|auto_generated|pll1|clk[0]'
Slack : 39.800
TNS   : 0.000

Type  : Slow 1200mV 85C Model Hold 'myAltPll_inst|altpll_component|auto_generated|pll1|clk[0]'
Slack : 0.455
TNS   : 0.000

Type  : Slow 1200mV 85C Model Recovery 'myAltPll_inst|altpll_component|auto_generated|pll1|clk[0]'
Slack : 93.089
TNS   : 0.000

Type  : Slow 1200mV 85C Model Removal 'myAltPll_inst|altpll_component|auto_generated|pll1|clk[0]'
Slack : 6.080
TNS   : 0.000

Type  : Slow 1200mV 85C Model Minimum Pulse Width 'myAltPll_inst|altpll_component|auto_generated|pll1|clk[0]'
Slack : 49.644
TNS   : 0.000

Type  : Slow 1200mV 85C Model Minimum Pulse Width 'mainClk'
Slack : 49.838
TNS   : 0.000

Type  : Slow 1200mV 0C Model Setup 'myAltPll_inst|altpll_component|auto_generated|pll1|clk[0]'
Slack : 40.388
TNS   : 0.000

Type  : Slow 1200mV 0C Model Hold 'myAltPll_inst|altpll_component|auto_generated|pll1|clk[0]'
Slack : 0.403
TNS   : 0.000

Type  : Slow 1200mV 0C Model Recovery 'myAltPll_inst|altpll_component|auto_generated|pll1|clk[0]'
Slack : 93.312
TNS   : 0.000

Type  : Slow 1200mV 0C Model Removal 'myAltPll_inst|altpll_component|auto_generated|pll1|clk[0]'
Slack : 5.944
TNS   : 0.000

Type  : Slow 1200mV 0C Model Minimum Pulse Width 'myAltPll_inst|altpll_component|auto_generated|pll1|clk[0]'
Slack : 49.652
TNS   : 0.000

Type  : Slow 1200mV 0C Model Minimum Pulse Width 'mainClk'
Slack : 49.844
TNS   : 0.000

Type  : Fast 1200mV 0C Model Setup 'myAltPll_inst|altpll_component|auto_generated|pll1|clk[0]'
Slack : 42.309
TNS   : 0.000

Type  : Fast 1200mV 0C Model Hold 'myAltPll_inst|altpll_component|auto_generated|pll1|clk[0]'
Slack : 0.187
TNS   : 0.000

Type  : Fast 1200mV 0C Model Recovery 'myAltPll_inst|altpll_component|auto_generated|pll1|clk[0]'
Slack : 93.597
TNS   : 0.000

Type  : Fast 1200mV 0C Model Removal 'myAltPll_inst|altpll_component|auto_generated|pll1|clk[0]'
Slack : 5.515
TNS   : 0.000

Type  : Fast 1200mV 0C Model Minimum Pulse Width 'mainClk'
Slack : 49.433
TNS   : 0.000

Type  : Fast 1200mV 0C Model Minimum Pulse Width 'myAltPll_inst|altpll_component|auto_generated|pll1|clk[0]'
Slack : 49.760
TNS   : 0.000

------------------------------------------------------------
